Archive member included to satisfy reference by file (symbol)

/home/retrogamer/SDK//libPS4/libPS4.a(kernel.o)
                              build/main.o (ioctl)
/home/retrogamer/SDK//libPS4/libPS4.a(file.o)
                              build/main.o (open)
/home/retrogamer/SDK//libPS4/libPS4.a(module.o)
                              /home/retrogamer/SDK//libPS4/libPS4.a(kernel.o) (getFunctionAddressByName)
/home/retrogamer/SDK//libPS4/libPS4.a(pthread.o)
                              build/main.o (initPthread)
/home/retrogamer/SDK//libPS4/libPS4.a(libc.o)
                              build/main.o (initLibc)
/home/retrogamer/SDK//libPS4/libPS4.a(syscall.o)
                              build/main.o (syscall)
/home/retrogamer/SDK//libPS4/libPS4.a(sysutil.o)
                              build/main.o (initSysUtil)

Se asignan símbolos comunes
Símbolo común       tamaño            fichero

scePthreadMutexDestroy
                    0x8               /home/retrogamer/SDK//libPS4/libPS4.a(pthread.o)
strcpy              0x8               /home/retrogamer/SDK//libPS4/libPS4.a(libc.o)
asctime             0x8               /home/retrogamer/SDK//libPS4/libPS4.a(libc.o)
scePthreadCancel    0x8               /home/retrogamer/SDK//libPS4/libPS4.a(pthread.o)
scePthreadMutexTrylock
                    0x8               /home/retrogamer/SDK//libPS4/libPS4.a(pthread.o)
sceKernelGettimeofday
                    0x8               /home/retrogamer/SDK//libPS4/libPS4.a(kernel.o)
sceSysmoduleLoadModule
                    0x8               /home/retrogamer/SDK//libPS4/libPS4.a(module.o)
getgid              0x8               /home/retrogamer/SDK//libPS4/libPS4.a(kernel.o)
strerror            0x8               /home/retrogamer/SDK//libPS4/libPS4.a(libc.o)
scePthreadDetach    0x8               /home/retrogamer/SDK//libPS4/libPS4.a(pthread.o)
snprintf            0x8               /home/retrogamer/SDK//libPS4/libPS4.a(libc.o)
scePthreadSelf      0x8               /home/retrogamer/SDK//libPS4/libPS4.a(pthread.o)
libKernelHandle     0x4               /home/retrogamer/SDK//libPS4/libPS4.a(kernel.o)
__stack_chk_guard   0x8               /home/retrogamer/SDK//libPS4/libPS4.a(kernel.o)
execve              0x8               /home/retrogamer/SDK//libPS4/libPS4.a(kernel.o)
getpid              0x8               /home/retrogamer/SDK//libPS4/libPS4.a(kernel.o)
sceKernelSleep      0x8               /home/retrogamer/SDK//libPS4/libPS4.a(kernel.o)
memcpy              0x8               /home/retrogamer/SDK//libPS4/libPS4.a(libc.o)
sceKernelGetCurrentCpu
                    0x8               /home/retrogamer/SDK//libPS4/libPS4.a(kernel.o)
seekdir             0x8               /home/retrogamer/SDK//libPS4/libPS4.a(libc.o)
sceKernelDeleteEqueue
                    0x8               /home/retrogamer/SDK//libPS4/libPS4.a(kernel.o)
getuid              0x8               /home/retrogamer/SDK//libPS4/libPS4.a(kernel.o)
rewinddir           0x8               /home/retrogamer/SDK//libPS4/libPS4.a(libc.o)
malloc              0x8               /home/retrogamer/SDK//libPS4/libPS4.a(libc.o)
readdir_r           0x8               /home/retrogamer/SDK//libPS4/libPS4.a(libc.o)
getprogname         0x8               /home/retrogamer/SDK//libPS4/libPS4.a(libc.o)
readdir             0x8               /home/retrogamer/SDK//libPS4/libPS4.a(libc.o)
sceSysUtilSendSystemNotificationWithText
                    0x8               /home/retrogamer/SDK//libPS4/libPS4.a(sysutil.o)
__stack_chk_fail    0x8               /home/retrogamer/SDK//libPS4/libPS4.a(kernel.o)
sceKernelMapDirectMemory
                    0x8               /home/retrogamer/SDK//libPS4/libPS4.a(kernel.o)
sysarch             0x8               /home/retrogamer/SDK//libPS4/libPS4.a(kernel.o)
strrchr             0x8               /home/retrogamer/SDK//libPS4/libPS4.a(libc.o)
calloc              0x8               /home/retrogamer/SDK//libPS4/libPS4.a(libc.o)
rindex              0x8               /home/retrogamer/SDK//libPS4/libPS4.a(libc.o)
sceKernelError      0x8               /home/retrogamer/SDK//libPS4/libPS4.a(kernel.o)
_Getpctype          0x8               /home/retrogamer/SDK//libPS4/libPS4.a(libc.o)
sysctl              0x8               /home/retrogamer/SDK//libPS4/libPS4.a(kernel.o)
fprintf             0x8               /home/retrogamer/SDK//libPS4/libPS4.a(libc.o)
ctime               0x8               /home/retrogamer/SDK//libPS4/libPS4.a(libc.o)
strcat              0x8               /home/retrogamer/SDK//libPS4/libPS4.a(libc.o)
sceKernelRead       0x8               /home/retrogamer/SDK//libPS4/libPS4.a(kernel.o)
scePthreadExit      0x8               /home/retrogamer/SDK//libPS4/libPS4.a(pthread.o)
setregid            0x8               /home/retrogamer/SDK//libPS4/libPS4.a(kernel.o)
scePthreadYield     0x8               /home/retrogamer/SDK//libPS4/libPS4.a(pthread.o)
fseek               0x8               /home/retrogamer/SDK//libPS4/libPS4.a(libc.o)
mktime              0x8               /home/retrogamer/SDK//libPS4/libPS4.a(libc.o)
strstr              0x8               /home/retrogamer/SDK//libPS4/libPS4.a(libc.o)
scePthreadMutexInit
                    0x8               /home/retrogamer/SDK//libPS4/libPS4.a(pthread.o)
__error             0x8               /home/retrogamer/SDK//libPS4/libPS4.a(kernel.o)
rand                0x8               /home/retrogamer/SDK//libPS4/libPS4.a(libc.o)
setgid              0x8               /home/retrogamer/SDK//libPS4/libPS4.a(kernel.o)
dirfd               0x8               /home/retrogamer/SDK//libPS4/libPS4.a(libc.o)
sceKernelLseek      0x8               /home/retrogamer/SDK//libPS4/libPS4.a(kernel.o)
strlcpy             0x8               /home/retrogamer/SDK//libPS4/libPS4.a(libc.o)
sceKernelStat       0x8               /home/retrogamer/SDK//libPS4/libPS4.a(kernel.o)
strncmp             0x8               /home/retrogamer/SDK//libPS4/libPS4.a(libc.o)
sceKernelLoadStartModule
                    0x8               /home/retrogamer/SDK//libPS4/libPS4.a(kernel.o)
strncpy             0x8               /home/retrogamer/SDK//libPS4/libPS4.a(libc.o)
realloc             0x8               /home/retrogamer/SDK//libPS4/libPS4.a(libc.o)
bcopy               0x8               /home/retrogamer/SDK//libPS4/libPS4.a(libc.o)
memcmp              0x8               /home/retrogamer/SDK//libPS4/libPS4.a(libc.o)
sceKernelClose      0x8               /home/retrogamer/SDK//libPS4/libPS4.a(kernel.o)
sscanf              0x8               /home/retrogamer/SDK//libPS4/libPS4.a(libc.o)
strncat             0x8               /home/retrogamer/SDK//libPS4/libPS4.a(libc.o)
fread               0x8               /home/retrogamer/SDK//libPS4/libPS4.a(libc.o)
_Stoul              0x8               /home/retrogamer/SDK//libPS4/libPS4.a(libc.o)
pthread_setaffinity_np
                    0x8               /home/retrogamer/SDK//libPS4/libPS4.a(kernel.o)
strdup              0x8               /home/retrogamer/SDK//libPS4/libPS4.a(libc.o)
index               0x8               /home/retrogamer/SDK//libPS4/libPS4.a(libc.o)
fopen               0x8               /home/retrogamer/SDK//libPS4/libPS4.a(libc.o)
sceKernelGetProcessTime
                    0x8               /home/retrogamer/SDK//libPS4/libPS4.a(kernel.o)
asctime_r           0x8               /home/retrogamer/SDK//libPS4/libPS4.a(libc.o)
setreuid            0x8               /home/retrogamer/SDK//libPS4/libPS4.a(kernel.o)
localtime           0x8               /home/retrogamer/SDK//libPS4/libPS4.a(libc.o)
memset              0x8               /home/retrogamer/SDK//libPS4/libPS4.a(libc.o)
scePthreadMutexUnlock
                    0x8               /home/retrogamer/SDK//libPS4/libPS4.a(pthread.o)
ftell               0x8               /home/retrogamer/SDK//libPS4/libPS4.a(libc.o)
srand               0x8               /home/retrogamer/SDK//libPS4/libPS4.a(libc.o)
fclose              0x8               /home/retrogamer/SDK//libPS4/libPS4.a(libc.o)
sceKernelAllocateDirectMemory
                    0x8               /home/retrogamer/SDK//libPS4/libPS4.a(kernel.o)
time                0x8               /home/retrogamer/SDK//libPS4/libPS4.a(libc.o)
opendir             0x8               /home/retrogamer/SDK//libPS4/libPS4.a(libc.o)
strcmp              0x8               /home/retrogamer/SDK//libPS4/libPS4.a(libc.o)
gmtime_s            0x8               /home/retrogamer/SDK//libPS4/libPS4.a(libc.o)
memalign            0x8               /home/retrogamer/SDK//libPS4/libPS4.a(libc.o)
sprintf             0x8               /home/retrogamer/SDK//libPS4/libPS4.a(libc.o)
ctime_r             0x8               /home/retrogamer/SDK//libPS4/libPS4.a(libc.o)
sceKernelUsleep     0x8               /home/retrogamer/SDK//libPS4/libPS4.a(kernel.o)
scePthreadMutexTimedlock
                    0x8               /home/retrogamer/SDK//libPS4/libPS4.a(pthread.o)
sceKernelAddUserEvent
                    0x8               /home/retrogamer/SDK//libPS4/libPS4.a(kernel.o)
scePthreadJoin      0x8               /home/retrogamer/SDK//libPS4/libPS4.a(pthread.o)
pthread_self        0x8               /home/retrogamer/SDK//libPS4/libPS4.a(kernel.o)
localtime_r         0x8               /home/retrogamer/SDK//libPS4/libPS4.a(libc.o)
isdigit             0x8               /home/retrogamer/SDK//libPS4/libPS4.a(libc.o)
fwrite              0x8               /home/retrogamer/SDK//libPS4/libPS4.a(libc.o)
sceKernelCreateEqueue
                    0x8               /home/retrogamer/SDK//libPS4/libPS4.a(kernel.o)
scePthreadCreate    0x8               /home/retrogamer/SDK//libPS4/libPS4.a(pthread.o)
atoi                0x8               /home/retrogamer/SDK//libPS4/libPS4.a(libc.o)
scePthreadMutexLock
                    0x8               /home/retrogamer/SDK//libPS4/libPS4.a(pthread.o)
gmtime              0x8               /home/retrogamer/SDK//libPS4/libPS4.a(libc.o)
strlen              0x8               /home/retrogamer/SDK//libPS4/libPS4.a(libc.o)
sceKernelOpen       0x8               /home/retrogamer/SDK//libPS4/libPS4.a(kernel.o)
strchr              0x8               /home/retrogamer/SDK//libPS4/libPS4.a(libc.o)
closedir            0x8               /home/retrogamer/SDK//libPS4/libPS4.a(libc.o)
setuid              0x8               /home/retrogamer/SDK//libPS4/libPS4.a(kernel.o)
sceKernelAddReadEvent
                    0x8               /home/retrogamer/SDK//libPS4/libPS4.a(kernel.o)
telldir             0x8               /home/retrogamer/SDK//libPS4/libPS4.a(libc.o)
sysctlbyname        0x8               /home/retrogamer/SDK//libPS4/libPS4.a(kernel.o)
free                0x8               /home/retrogamer/SDK//libPS4/libPS4.a(libc.o)

Secciones de salida descartadas

 .data          0x0000000000000000        0x0 /tmp/ccSVWnJd.o
 .bss           0x0000000000000000        0x0 /tmp/ccSVWnJd.o
 .text          0x0000000000000000        0x0 build/main.o
 .data          0x0000000000000000        0x0 build/main.o
 .bss           0x0000000000000000        0x0 build/main.o
 .text.unlikely.kernel_payload
                0x0000000000000000        0x0 build/main.o
 .text.unlikely.systemMessage
                0x0000000000000000        0x0 build/main.o
 .text.unlikely._main
                0x0000000000000000        0x0 build/main.o
 .comment       0x0000000000000000       0x36 build/main.o
 .note.GNU-stack
                0x0000000000000000        0x0 build/main.o
 .eh_frame      0x0000000000000000       0x70 build/main.o
 .data          0x0000000000000000        0x0 /home/retrogamer/SDK//libPS4/libPS4.a(kernel.o)
 .bss           0x0000000000000000        0x0 /home/retrogamer/SDK//libPS4/libPS4.a(kernel.o)
 .text.unlikely.initKernel
                0x0000000000000000        0x0 /home/retrogamer/SDK//libPS4/libPS4.a(kernel.o)
 .comment       0x0000000000000000       0x35 /home/retrogamer/SDK//libPS4/libPS4.a(kernel.o)
 .note.GNU-stack
                0x0000000000000000        0x0 /home/retrogamer/SDK//libPS4/libPS4.a(kernel.o)
 .eh_frame      0x0000000000000000       0x38 /home/retrogamer/SDK//libPS4/libPS4.a(kernel.o)
 .data          0x0000000000000000        0x0 /home/retrogamer/SDK//libPS4/libPS4.a(file.o)
 .bss           0x0000000000000000        0x0 /home/retrogamer/SDK//libPS4/libPS4.a(file.o)
 .text.unlikely.getSandboxDirectory
                0x0000000000000000        0x0 /home/retrogamer/SDK//libPS4/libPS4.a(file.o)
 .text.getSandboxDirectory
                0x0000000000000000       0x17 /home/retrogamer/SDK//libPS4/libPS4.a(file.o)
 .comment       0x0000000000000000       0x35 /home/retrogamer/SDK//libPS4/libPS4.a(file.o)
 .note.GNU-stack
                0x0000000000000000        0x0 /home/retrogamer/SDK//libPS4/libPS4.a(file.o)
 .eh_frame      0x0000000000000000       0x30 /home/retrogamer/SDK//libPS4/libPS4.a(file.o)
 .data          0x0000000000000000        0x0 /home/retrogamer/SDK//libPS4/libPS4.a(module.o)
 .bss           0x0000000000000000        0x0 /home/retrogamer/SDK//libPS4/libPS4.a(module.o)
 .text.unlikely.getModuleInfo
                0x0000000000000000        0x0 /home/retrogamer/SDK//libPS4/libPS4.a(module.o)
 .text.getModuleInfo
                0x0000000000000000       0x1b /home/retrogamer/SDK//libPS4/libPS4.a(module.o)
 .text.unlikely.loadModule
                0x0000000000000000        0x0 /home/retrogamer/SDK//libPS4/libPS4.a(module.o)
 .text.unlikely.unloadModule
                0x0000000000000000        0x0 /home/retrogamer/SDK//libPS4/libPS4.a(module.o)
 .text.unloadModule
                0x0000000000000000       0x15 /home/retrogamer/SDK//libPS4/libPS4.a(module.o)
 .rodata.str1.1
                0x0000000000000000       0x2c /home/retrogamer/SDK//libPS4/libPS4.a(module.o)
 .text.unlikely.initModule
                0x0000000000000000        0x0 /home/retrogamer/SDK//libPS4/libPS4.a(module.o)
 .text.initModule
                0x0000000000000000       0x30 /home/retrogamer/SDK//libPS4/libPS4.a(module.o)
 .comment       0x0000000000000000       0x35 /home/retrogamer/SDK//libPS4/libPS4.a(module.o)
 .note.GNU-stack
                0x0000000000000000        0x0 /home/retrogamer/SDK//libPS4/libPS4.a(module.o)
 .eh_frame      0x0000000000000000       0x78 /home/retrogamer/SDK//libPS4/libPS4.a(module.o)
 COMMON         0x0000000000000000        0x8 /home/retrogamer/SDK//libPS4/libPS4.a(module.o)
 .text          0x0000000000000000        0x0 /home/retrogamer/SDK//libPS4/libPS4.a(pthread.o)
 .data          0x0000000000000000        0x0 /home/retrogamer/SDK//libPS4/libPS4.a(pthread.o)
 .bss           0x0000000000000000        0x0 /home/retrogamer/SDK//libPS4/libPS4.a(pthread.o)
 .text.unlikely.initPthread
                0x0000000000000000        0x0 /home/retrogamer/SDK//libPS4/libPS4.a(pthread.o)
 .comment       0x0000000000000000       0x35 /home/retrogamer/SDK//libPS4/libPS4.a(pthread.o)
 .note.GNU-stack
                0x0000000000000000        0x0 /home/retrogamer/SDK//libPS4/libPS4.a(pthread.o)
 .eh_frame      0x0000000000000000       0x38 /home/retrogamer/SDK//libPS4/libPS4.a(pthread.o)
 .text          0x0000000000000000        0x0 /home/retrogamer/SDK//libPS4/libPS4.a(libc.o)
 .data          0x0000000000000000        0x0 /home/retrogamer/SDK//libPS4/libPS4.a(libc.o)
 .bss           0x0000000000000000        0x0 /home/retrogamer/SDK//libPS4/libPS4.a(libc.o)
 .text.unlikely.initLibc
                0x0000000000000000        0x0 /home/retrogamer/SDK//libPS4/libPS4.a(libc.o)
 .comment       0x0000000000000000       0x35 /home/retrogamer/SDK//libPS4/libPS4.a(libc.o)
 .note.GNU-stack
                0x0000000000000000        0x0 /home/retrogamer/SDK//libPS4/libPS4.a(libc.o)
 .eh_frame      0x0000000000000000       0x38 /home/retrogamer/SDK//libPS4/libPS4.a(libc.o)
 .data          0x0000000000000000        0x0 /home/retrogamer/SDK//libPS4/libPS4.a(syscall.o)
 .bss           0x0000000000000000        0x0 /home/retrogamer/SDK//libPS4/libPS4.a(syscall.o)
 .text          0x0000000000000000        0x0 /home/retrogamer/SDK//libPS4/libPS4.a(sysutil.o)
 .data          0x0000000000000000        0x0 /home/retrogamer/SDK//libPS4/libPS4.a(sysutil.o)
 .bss           0x0000000000000000        0x0 /home/retrogamer/SDK//libPS4/libPS4.a(sysutil.o)
 .text.unlikely.initSysUtil
                0x0000000000000000        0x0 /home/retrogamer/SDK//libPS4/libPS4.a(sysutil.o)
 .comment       0x0000000000000000       0x35 /home/retrogamer/SDK//libPS4/libPS4.a(sysutil.o)
 .note.GNU-stack
                0x0000000000000000        0x0 /home/retrogamer/SDK//libPS4/libPS4.a(sysutil.o)
 .eh_frame      0x0000000000000000       0x30 /home/retrogamer/SDK//libPS4/libPS4.a(sysutil.o)

Configuración de la Memoria

Nombre           Origen             Longitud           Atributos
*default*        0x0000000000000000 0xffffffffffffffff

Guión del enlazador y mapa de memoria

LOAD /tmp/ccSVWnJd.o
LOAD build/main.o
                0x0000000926200000                . = 0x926200000

.text           0x0000000926200000      0xcc2
 *(.text.start)
 *(.text*)
 .text          0x0000000926200000        0x5 /tmp/ccSVWnJd.o
                0x0000000926200000                _start
 .text.kernel_payload
                0x0000000926200005       0x83 build/main.o
                0x0000000926200005                kernel_payload
 .text.systemMessage
                0x0000000926200088       0x34 build/main.o
                0x0000000926200088                systemMessage
 .text._main    0x00000009262000bc       0x93 build/main.o
                0x00000009262000bc                _main
 .text          0x000000092620014f       0x24 /home/retrogamer/SDK//libPS4/libPS4.a(kernel.o)
                0x000000092620014f                kill
                0x000000092620015b                ioctl
                0x0000000926200167                kexec
 .text.initKernel
                0x0000000926200173      0x3a0 /home/retrogamer/SDK//libPS4/libPS4.a(kernel.o)
                0x0000000926200173                initKernel
 .text          0x0000000926200513       0xe4 /home/retrogamer/SDK//libPS4/libPS4.a(file.o)
                0x0000000926200513                read
                0x000000092620051f                write
                0x000000092620052b                open
                0x0000000926200537                close
                0x0000000926200543                unlink
                0x000000092620054f                readlink
                0x000000092620055b                mount
                0x0000000926200567                nmount
                0x0000000926200573                unmount
                0x000000092620057f                fchown
                0x000000092620058b                fchmod
                0x0000000926200597                rename
                0x00000009262005a3                mkdir
                0x00000009262005af                rmdir
                0x00000009262005bb                stat
                0x00000009262005c7                fstat
                0x00000009262005d3                getdents
                0x00000009262005df                lseek
                0x00000009262005eb                fstatat
 .text          0x00000009262005f7       0x18 /home/retrogamer/SDK//libPS4/libPS4.a(module.o)
                0x00000009262005f7                getFunctionAddressByName
                0x0000000926200603                getLoadedModules
 .text.loadModule
                0x000000092620060f       0x1a /home/retrogamer/SDK//libPS4/libPS4.a(module.o)
                0x000000092620060f                loadModule
 .text.initPthread
                0x0000000926200629      0x147 /home/retrogamer/SDK//libPS4/libPS4.a(pthread.o)
                0x0000000926200629                initPthread
 .text.initLibc
                0x0000000926200770      0x4f4 /home/retrogamer/SDK//libPS4/libPS4.a(libc.o)
                0x0000000926200770                initLibc
 .text          0x0000000926200c64       0x2e /home/retrogamer/SDK//libPS4/libPS4.a(syscall.o)
                0x0000000926200c64                syscall
                0x0000000926200c67                syscall_macro
 .text.initSysUtil
                0x0000000926200c92       0x30 /home/retrogamer/SDK//libPS4/libPS4.a(sysutil.o)
                0x0000000926200c92                initSysUtil

.iplt           0x0000000926200cd0        0x0
 .iplt          0x0000000926200cd0        0x0 /tmp/ccSVWnJd.o

.rodata         0x0000000926200cc2      0x588
 *(.rodata)
 *(.rodata*)
 .rodata.str1.1
                0x0000000926200cc2       0x4c build/main.o
 .rodata.str1.1
                0x0000000926200d0e      0x23f /home/retrogamer/SDK//libPS4/libPS4.a(kernel.o)
 .rodata.str1.1
                0x0000000926200f4d       0xf5 /home/retrogamer/SDK//libPS4/libPS4.a(pthread.o)
 .rodata.str1.1
                0x0000000926201042      0x1b9 /home/retrogamer/SDK//libPS4/libPS4.a(libc.o)
                                        0x1d7 (tamaño antes de la relajación)
 .rodata.str1.1
                0x00000009262011fb       0x4f /home/retrogamer/SDK//libPS4/libPS4.a(sysutil.o)

.eh_frame_hdr   0x000000092620124c        0x0
 .eh_frame_hdr  0x000000092620124c        0x0 build/main.o

.rela.dyn       0x0000000926201250        0x0
 .rela.iplt     0x0000000926201250        0x0 /tmp/ccSVWnJd.o
 .rela.text     0x0000000926201250        0x0 /tmp/ccSVWnJd.o
 .rela.text.systemMessage
                0x0000000926201250        0x0 /tmp/ccSVWnJd.o
 .rela.text.initKernel
                0x0000000926201250        0x0 /tmp/ccSVWnJd.o
 .rela.text.initModule
                0x0000000926201250        0x0 /tmp/ccSVWnJd.o
 .rela.text.initPthread
                0x0000000926201250        0x0 /tmp/ccSVWnJd.o
 .rela.text.initLibc
                0x0000000926201250        0x0 /tmp/ccSVWnJd.o
 .rela.text.initSysUtil
                0x0000000926201250        0x0 /tmp/ccSVWnJd.o

.data
 *(.data)

.igot.plt       0x0000000926201250        0x0
 .igot.plt      0x0000000926201250        0x0 /tmp/ccSVWnJd.o

.data.temp      0x000000092620124a        0x5
 .data.temp     0x000000092620124a        0x5 build/main.o
                0x000000092620124a                temp

.bss            0x0000000926201250      0x360
 *(.bss)
 COMMON         0x0000000926201250      0x118 /home/retrogamer/SDK//libPS4/libPS4.a(kernel.o)
                0x0000000926201250                sceKernelGettimeofday
                0x0000000926201258                getgid
                0x0000000926201260                libKernelHandle
                0x0000000926201268                __stack_chk_guard
                0x0000000926201270                execve
                0x0000000926201278                getpid
                0x0000000926201280                sceKernelSleep
                0x0000000926201288                sceKernelGetCurrentCpu
                0x0000000926201290                sceKernelDeleteEqueue
                0x0000000926201298                getuid
                0x00000009262012a0                __stack_chk_fail
                0x00000009262012a8                sceKernelMapDirectMemory
                0x00000009262012b0                sysarch
                0x00000009262012b8                sceKernelError
                0x00000009262012c0                sysctl
                0x00000009262012c8                sceKernelRead
                0x00000009262012d0                setregid
                0x00000009262012d8                __error
                0x00000009262012e0                setgid
                0x00000009262012e8                sceKernelLseek
                0x00000009262012f0                sceKernelStat
                0x00000009262012f8                sceKernelLoadStartModule
                0x0000000926201300                sceKernelClose
                0x0000000926201308                pthread_setaffinity_np
                0x0000000926201310                sceKernelGetProcessTime
                0x0000000926201318                setreuid
                0x0000000926201320                sceKernelAllocateDirectMemory
                0x0000000926201328                sceKernelUsleep
                0x0000000926201330                sceKernelAddUserEvent
                0x0000000926201338                pthread_self
                0x0000000926201340                sceKernelCreateEqueue
                0x0000000926201348                sceKernelOpen
                0x0000000926201350                setuid
                0x0000000926201358                sceKernelAddReadEvent
                0x0000000926201360                sysctlbyname
 COMMON         0x0000000926201368       0x68 /home/retrogamer/SDK//libPS4/libPS4.a(pthread.o)
                0x0000000926201368                scePthreadMutexDestroy
                0x0000000926201370                scePthreadCancel
                0x0000000926201378                scePthreadMutexTrylock
                0x0000000926201380                scePthreadDetach
                0x0000000926201388                scePthreadSelf
                0x0000000926201390                scePthreadExit
                0x0000000926201398                scePthreadYield
                0x00000009262013a0                scePthreadMutexInit
                0x00000009262013a8                scePthreadMutexUnlock
                0x00000009262013b0                scePthreadMutexTimedlock
                0x00000009262013b8                scePthreadJoin
                0x00000009262013c0                scePthreadCreate
                0x00000009262013c8                scePthreadMutexLock
 COMMON         0x00000009262013d0      0x1d8 /home/retrogamer/SDK//libPS4/libPS4.a(libc.o)
                0x00000009262013d0                strcpy
                0x00000009262013d8                asctime
                0x00000009262013e0                strerror
                0x00000009262013e8                snprintf
                0x00000009262013f0                memcpy
                0x00000009262013f8                seekdir
                0x0000000926201400                rewinddir
                0x0000000926201408                malloc
                0x0000000926201410                readdir_r
                0x0000000926201418                getprogname
                0x0000000926201420                readdir
                0x0000000926201428                strrchr
                0x0000000926201430                calloc
                0x0000000926201438                rindex
                0x0000000926201440                _Getpctype
                0x0000000926201448                fprintf
                0x0000000926201450                ctime
                0x0000000926201458                strcat
                0x0000000926201460                fseek
                0x0000000926201468                mktime
                0x0000000926201470                strstr
                0x0000000926201478                rand
                0x0000000926201480                dirfd
                0x0000000926201488                strlcpy
                0x0000000926201490                strncmp
                0x0000000926201498                strncpy
                0x00000009262014a0                realloc
                0x00000009262014a8                bcopy
                0x00000009262014b0                memcmp
                0x00000009262014b8                sscanf
                0x00000009262014c0                strncat
                0x00000009262014c8                fread
                0x00000009262014d0                _Stoul
                0x00000009262014d8                strdup
                0x00000009262014e0                index
                0x00000009262014e8                fopen
                0x00000009262014f0                asctime_r
                0x00000009262014f8                localtime
                0x0000000926201500                memset
                0x0000000926201508                ftell
                0x0000000926201510                srand
                0x0000000926201518                fclose
                0x0000000926201520                time
                0x0000000926201528                opendir
                0x0000000926201530                strcmp
                0x0000000926201538                gmtime_s
                0x0000000926201540                memalign
                0x0000000926201548                sprintf
                0x0000000926201550                ctime_r
                0x0000000926201558                localtime_r
                0x0000000926201560                isdigit
                0x0000000926201568                fwrite
                0x0000000926201570                atoi
                0x0000000926201578                gmtime
                0x0000000926201580                strlen
                0x0000000926201588                strchr
                0x0000000926201590                closedir
                0x0000000926201598                telldir
                0x00000009262015a0                free
 COMMON         0x00000009262015a8        0x8 /home/retrogamer/SDK//libPS4/libPS4.a(sysutil.o)
                0x00000009262015a8                sceSysUtilSendSystemNotificationWithText

/DISCARD/
 *(.comment)
 *(.note.GNU-stack)
 *(.eh_frame)
LOAD /home/retrogamer/SDK//libPS4/libPS4.a
OUTPUT(temp.t elf64-x86-64)
